
Allocating common symbols
Common symbol       size              file

RX_BUF              0x9               ..\obj\main.o
TX_BUF              0x9               ..\obj\main.o

Discarded input sections

 .text          0x00000000        0x0 ..\obj\stm32f10x_tim.o
 .data          0x00000000        0x0 ..\obj\stm32f10x_tim.o
 .bss           0x00000000        0x0 ..\obj\stm32f10x_tim.o
 .text.TIM_DeInit
                0x00000000      0x22c ..\obj\stm32f10x_tim.o
 .text.TIM_OC1Init
                0x00000000      0x118 ..\obj\stm32f10x_tim.o
 .text.TIM_OC2Init
                0x00000000      0x110 ..\obj\stm32f10x_tim.o
 .text.TIM_OC3Init
                0x00000000      0x10c ..\obj\stm32f10x_tim.o
 .text.TIM_ICInit
                0x00000000       0xa8 ..\obj\stm32f10x_tim.o
 .text.TIM_PWMIConfig
                0x00000000       0xb8 ..\obj\stm32f10x_tim.o
 .text.TIM_BDTRConfig
                0x00000000       0x4e ..\obj\stm32f10x_tim.o
 .text.TIM_ICStructInit
                0x00000000       0x30 ..\obj\stm32f10x_tim.o
 .text.TIM_BDTRStructInit
                0x00000000       0x3c ..\obj\stm32f10x_tim.o
 .text.TIM_CtrlPWMOutputs
                0x00000000       0x4a ..\obj\stm32f10x_tim.o
 .text.TIM_ITConfig
                0x00000000       0x46 ..\obj\stm32f10x_tim.o
 .text.TIM_GenerateEvent
                0x00000000       0x1c ..\obj\stm32f10x_tim.o
 .text.TIM_DMAConfig
                0x00000000       0x28 ..\obj\stm32f10x_tim.o
 .text.TIM_DMACmd
                0x00000000       0x46 ..\obj\stm32f10x_tim.o
 .text.TIM_InternalClockConfig
                0x00000000       0x22 ..\obj\stm32f10x_tim.o
 .text.TIM_ITRxExternalClockConfig
                0x00000000       0x2e ..\obj\stm32f10x_tim.o
 .text.TIM_TIxExternalClockConfig
                0x00000000       0x5c ..\obj\stm32f10x_tim.o
 .text.TIM_ETRClockMode1Config
                0x00000000       0x5e ..\obj\stm32f10x_tim.o
 .text.TIM_ETRClockMode2Config
                0x00000000       0x3e ..\obj\stm32f10x_tim.o
 .text.TIM_ETRConfig
                0x00000000       0x52 ..\obj\stm32f10x_tim.o
 .text.TIM_PrescalerConfig
                0x00000000       0x26 ..\obj\stm32f10x_tim.o
 .text.TIM_CounterModeConfig
                0x00000000       0x36 ..\obj\stm32f10x_tim.o
 .text.TIM_SelectInputTrigger
                0x00000000       0x36 ..\obj\stm32f10x_tim.o
 .text.TIM_EncoderInterfaceConfig
                0x00000000       0x96 ..\obj\stm32f10x_tim.o
 .text.TIM_ForcedOC1Config
                0x00000000       0x36 ..\obj\stm32f10x_tim.o
 .text.TIM_ForcedOC2Config
                0x00000000       0x3a ..\obj\stm32f10x_tim.o
 .text.TIM_ForcedOC3Config
                0x00000000       0x36 ..\obj\stm32f10x_tim.o
 .text.TIM_ForcedOC4Config
                0x00000000       0x3a ..\obj\stm32f10x_tim.o
 .text.TIM_ARRPreloadConfig
                0x00000000       0x3e ..\obj\stm32f10x_tim.o
 .text.TIM_SelectCOM
                0x00000000       0x3e ..\obj\stm32f10x_tim.o
 .text.TIM_SelectCCDMA
                0x00000000       0x3e ..\obj\stm32f10x_tim.o
 .text.TIM_CCPreloadControl
                0x00000000       0x3e ..\obj\stm32f10x_tim.o
 .text.TIM_OC1PreloadConfig
                0x00000000       0x36 ..\obj\stm32f10x_tim.o
 .text.TIM_OC2PreloadConfig
                0x00000000       0x3a ..\obj\stm32f10x_tim.o
 .text.TIM_OC3PreloadConfig
                0x00000000       0x36 ..\obj\stm32f10x_tim.o
 .text.TIM_OC4PreloadConfig
                0x00000000       0x3a ..\obj\stm32f10x_tim.o
 .text.TIM_OC1FastConfig
                0x00000000       0x36 ..\obj\stm32f10x_tim.o
 .text.TIM_OC2FastConfig
                0x00000000       0x3a ..\obj\stm32f10x_tim.o
 .text.TIM_OC3FastConfig
                0x00000000       0x36 ..\obj\stm32f10x_tim.o
 .text.TIM_OC4FastConfig
                0x00000000       0x3a ..\obj\stm32f10x_tim.o
 .text.TIM_ClearOC1Ref
                0x00000000       0x36 ..\obj\stm32f10x_tim.o
 .text.TIM_ClearOC2Ref
                0x00000000       0x3a ..\obj\stm32f10x_tim.o
 .text.TIM_ClearOC3Ref
                0x00000000       0x36 ..\obj\stm32f10x_tim.o
 .text.TIM_ClearOC4Ref
                0x00000000       0x3a ..\obj\stm32f10x_tim.o
 .text.TIM_OC1PolarityConfig
                0x00000000       0x36 ..\obj\stm32f10x_tim.o
 .text.TIM_OC1NPolarityConfig
                0x00000000       0x36 ..\obj\stm32f10x_tim.o
 .text.TIM_OC2PolarityConfig
                0x00000000       0x3a ..\obj\stm32f10x_tim.o
 .text.TIM_OC2NPolarityConfig
                0x00000000       0x3a ..\obj\stm32f10x_tim.o
 .text.TIM_OC3PolarityConfig
                0x00000000       0x3a ..\obj\stm32f10x_tim.o
 .text.TIM_OC3NPolarityConfig
                0x00000000       0x3a ..\obj\stm32f10x_tim.o
 .text.TIM_OC4PolarityConfig
                0x00000000       0x3a ..\obj\stm32f10x_tim.o
 .text.TIM_CCxCmd
                0x00000000       0x54 ..\obj\stm32f10x_tim.o
 .text.TIM_CCxNCmd
                0x00000000       0x54 ..\obj\stm32f10x_tim.o
 .text.TIM_SelectOCxM
                0x00000000       0xae ..\obj\stm32f10x_tim.o
 .text.TIM_UpdateDisableConfig
                0x00000000       0x3e ..\obj\stm32f10x_tim.o
 .text.TIM_UpdateRequestConfig
                0x00000000       0x3e ..\obj\stm32f10x_tim.o
 .text.TIM_SelectHallSensor
                0x00000000       0x3e ..\obj\stm32f10x_tim.o
 .text.TIM_SelectOnePulseMode
                0x00000000       0x36 ..\obj\stm32f10x_tim.o
 .text.TIM_SelectOutputTrigger
                0x00000000       0x36 ..\obj\stm32f10x_tim.o
 .text.TIM_SelectSlaveMode
                0x00000000       0x36 ..\obj\stm32f10x_tim.o
 .text.TIM_SelectMasterSlaveMode
                0x00000000       0x36 ..\obj\stm32f10x_tim.o
 .text.TIM_SetCounter
                0x00000000       0x1c ..\obj\stm32f10x_tim.o
 .text.TIM_SetAutoreload
                0x00000000       0x1c ..\obj\stm32f10x_tim.o
 .text.TIM_SetCompare1
                0x00000000       0x1c ..\obj\stm32f10x_tim.o
 .text.TIM_SetCompare2
                0x00000000       0x1c ..\obj\stm32f10x_tim.o
 .text.TIM_SetCompare3
                0x00000000       0x1c ..\obj\stm32f10x_tim.o
 .text.TIM_SetCompare4
                0x00000000       0x1e ..\obj\stm32f10x_tim.o
 .text.TIM_SetIC1Prescaler
                0x00000000       0x36 ..\obj\stm32f10x_tim.o
 .text.TIM_SetIC2Prescaler
                0x00000000       0x3a ..\obj\stm32f10x_tim.o
 .text.TIM_SetIC3Prescaler
                0x00000000       0x36 ..\obj\stm32f10x_tim.o
 .text.TIM_SetIC4Prescaler
                0x00000000       0x3a ..\obj\stm32f10x_tim.o
 .text.TIM_SetClockDivision
                0x00000000       0x36 ..\obj\stm32f10x_tim.o
 .text.TIM_GetCapture1
                0x00000000       0x18 ..\obj\stm32f10x_tim.o
 .text.TIM_GetCapture2
                0x00000000       0x18 ..\obj\stm32f10x_tim.o
 .text.TIM_GetCapture3
                0x00000000       0x18 ..\obj\stm32f10x_tim.o
 .text.TIM_GetCapture4
                0x00000000       0x1a ..\obj\stm32f10x_tim.o
 .text.TIM_GetCounter
                0x00000000       0x18 ..\obj\stm32f10x_tim.o
 .text.TIM_GetPrescaler
                0x00000000       0x18 ..\obj\stm32f10x_tim.o
 .text.TIM_GetFlagStatus
                0x00000000       0x36 ..\obj\stm32f10x_tim.o
 .text.TIM_ClearFlag
                0x00000000       0x20 ..\obj\stm32f10x_tim.o
 .text.TIM_GetITStatus
                0x00000000       0x52 ..\obj\stm32f10x_tim.o
 .text.TIM_ClearITPendingBit
                0x00000000       0x20 ..\obj\stm32f10x_tim.o
 .text.TI1_Config
                0x00000000       0xe0 ..\obj\stm32f10x_tim.o
 .text.TI2_Config
                0x00000000       0xf4 ..\obj\stm32f10x_tim.o
 .text.TI3_Config
                0x00000000       0xec ..\obj\stm32f10x_tim.o
 .text.TI4_Config
                0x00000000       0xf8 ..\obj\stm32f10x_tim.o
 .text          0x00000000        0x0 ..\obj\system_stm32f10x.o
 .data          0x00000000       0x14 ..\obj\system_stm32f10x.o
 .bss           0x00000000        0x0 ..\obj\system_stm32f10x.o
 .text.SystemCoreClockUpdate
                0x00000000       0xd8 ..\obj\system_stm32f10x.o
 .text          0x00000000        0x0 ..\obj\startup_stm32f10x_md.o
 .data          0x00000000        0x0 ..\obj\startup_stm32f10x_md.o
 .bss           0x00000000        0x0 ..\obj\startup_stm32f10x_md.o
 .text          0x00000000        0x0 ..\obj\stm32f10x_gpio.o
 .data          0x00000000        0x0 ..\obj\stm32f10x_gpio.o
 .bss           0x00000000        0x0 ..\obj\stm32f10x_gpio.o
 .text.GPIO_DeInit
                0x00000000       0xe4 ..\obj\stm32f10x_gpio.o
 .text.GPIO_AFIODeInit
                0x00000000       0x18 ..\obj\stm32f10x_gpio.o
 .text.GPIO_ReadInputDataBit
                0x00000000       0x32 ..\obj\stm32f10x_gpio.o
 .text.GPIO_ReadInputData
                0x00000000       0x18 ..\obj\stm32f10x_gpio.o
 .text.GPIO_ReadOutputDataBit
                0x00000000       0x32 ..\obj\stm32f10x_gpio.o
 .text.GPIO_ReadOutputData
                0x00000000       0x18 ..\obj\stm32f10x_gpio.o
 .text.GPIO_SetBits
                0x00000000       0x1c ..\obj\stm32f10x_gpio.o
 .text.GPIO_ResetBits
                0x00000000       0x1c ..\obj\stm32f10x_gpio.o
 .text.GPIO_WriteBit
                0x00000000       0x2e ..\obj\stm32f10x_gpio.o
 .text.GPIO_Write
                0x00000000       0x1c ..\obj\stm32f10x_gpio.o
 .text.GPIO_PinLockConfig
                0x00000000       0x42 ..\obj\stm32f10x_gpio.o
 .text.GPIO_EventOutputConfig
                0x00000000       0x4c ..\obj\stm32f10x_gpio.o
 .text.GPIO_EventOutputCmd
                0x00000000       0x20 ..\obj\stm32f10x_gpio.o
 .text.GPIO_PinRemapConfig
                0x00000000       0xe0 ..\obj\stm32f10x_gpio.o
 .text.GPIO_EXTILineConfig
                0x00000000       0x80 ..\obj\stm32f10x_gpio.o
 .text.GPIO_ETH_MediaInterfaceConfig
                0x00000000       0x1c ..\obj\stm32f10x_gpio.o
 .text          0x00000000        0x0 ..\obj\main.o
 .data          0x00000000        0x0 ..\obj\main.o
 .text          0x00000000        0x0 ..\obj\init.o
 .data          0x00000000        0x0 ..\obj\init.o
 .bss           0x00000000        0x0 ..\obj\init.o
 .text          0x00000000        0x0 ..\obj\stm32f10x_rcc.o
 .bss           0x00000000        0x0 ..\obj\stm32f10x_rcc.o
 .text.RCC_AdjustHSICalibrationValue
                0x00000000       0x3c ..\obj\stm32f10x_rcc.o
 .text.RCC_HSICmd
                0x00000000       0x20 ..\obj\stm32f10x_rcc.o
 .text.RCC_ITConfig
                0x00000000       0x4c ..\obj\stm32f10x_rcc.o
 .text.RCC_USBCLKConfig
                0x00000000       0x1c ..\obj\stm32f10x_rcc.o
 .text.RCC_ADCCLKConfig
                0x00000000       0x38 ..\obj\stm32f10x_rcc.o
 .text.RCC_LSEConfig
                0x00000000       0x40 ..\obj\stm32f10x_rcc.o
 .text.RCC_LSICmd
                0x00000000       0x20 ..\obj\stm32f10x_rcc.o
 .text.RCC_RTCCLKConfig
                0x00000000       0x24 ..\obj\stm32f10x_rcc.o
 .text.RCC_RTCCLKCmd
                0x00000000       0x20 ..\obj\stm32f10x_rcc.o
 .text.RCC_AHBPeriphClockCmd
                0x00000000       0x3c ..\obj\stm32f10x_rcc.o
 .text.RCC_APB2PeriphResetCmd
                0x00000000       0x3c ..\obj\stm32f10x_rcc.o
 .text.RCC_APB1PeriphResetCmd
                0x00000000       0x3c ..\obj\stm32f10x_rcc.o
 .text.RCC_BackupResetCmd
                0x00000000       0x20 ..\obj\stm32f10x_rcc.o
 .text.RCC_ClockSecuritySystemCmd
                0x00000000       0x20 ..\obj\stm32f10x_rcc.o
 .text.RCC_MCOConfig
                0x00000000       0x20 ..\obj\stm32f10x_rcc.o
 .text.RCC_ClearFlag
                0x00000000       0x1c ..\obj\stm32f10x_rcc.o
 .text.RCC_GetITStatus
                0x00000000       0x34 ..\obj\stm32f10x_rcc.o
 .text.RCC_ClearITPendingBit
                0x00000000       0x20 ..\obj\stm32f10x_rcc.o
 .text          0x00000000        0x0 ..\obj\stm32f10x_usart.o
 .data          0x00000000        0x0 ..\obj\stm32f10x_usart.o
 .bss           0x00000000        0x0 ..\obj\stm32f10x_usart.o
 .text.USART_DeInit
                0x00000000       0xb8 ..\obj\stm32f10x_usart.o
 .text.USART_StructInit
                0x00000000       0x38 ..\obj\stm32f10x_usart.o
 .text.USART_ClockInit
                0x00000000       0x56 ..\obj\stm32f10x_usart.o
 .text.USART_ClockStructInit
                0x00000000       0x2a ..\obj\stm32f10x_usart.o
 .text.USART_DMACmd
                0x00000000       0x46 ..\obj\stm32f10x_usart.o
 .text.USART_SetAddress
                0x00000000       0x38 ..\obj\stm32f10x_usart.o
 .text.USART_WakeUpConfig
                0x00000000       0x36 ..\obj\stm32f10x_usart.o
 .text.USART_ReceiverWakeUpCmd
                0x00000000       0x3e ..\obj\stm32f10x_usart.o
 .text.USART_LINBreakDetectLengthConfig
                0x00000000       0x36 ..\obj\stm32f10x_usart.o
 .text.USART_LINCmd
                0x00000000       0x3e ..\obj\stm32f10x_usart.o
 .text.USART_SendBreak
                0x00000000       0x22 ..\obj\stm32f10x_usart.o
 .text.USART_SetGuardTime
                0x00000000       0x3a ..\obj\stm32f10x_usart.o
 .text.USART_SetPrescaler
                0x00000000       0x38 ..\obj\stm32f10x_usart.o
 .text.USART_SmartCardCmd
                0x00000000       0x3e ..\obj\stm32f10x_usart.o
 .text.USART_SmartCardNACKCmd
                0x00000000       0x3e ..\obj\stm32f10x_usart.o
 .text.USART_HalfDuplexCmd
                0x00000000       0x3e ..\obj\stm32f10x_usart.o
 .text.USART_OverSampling8Cmd
                0x00000000       0x42 ..\obj\stm32f10x_usart.o
 .text.USART_OneBitMethodCmd
                0x00000000       0x3e ..\obj\stm32f10x_usart.o
 .text.USART_IrDAConfig
                0x00000000       0x36 ..\obj\stm32f10x_usart.o
 .text.USART_IrDACmd
                0x00000000       0x3e ..\obj\stm32f10x_usart.o
 .text.USART_ClearFlag
                0x00000000       0x20 ..\obj\stm32f10x_usart.o
 .text.USART_GetITStatus
                0x00000000       0xb4 ..\obj\stm32f10x_usart.o
 .text.USART_ClearITPendingBit
                0x00000000       0x38 ..\obj\stm32f10x_usart.o
 .text          0x00000000        0x0 ..\obj\misc.o
 .data          0x00000000        0x0 ..\obj\misc.o
 .bss           0x00000000        0x0 ..\obj\misc.o
 .text.NVIC_PriorityGroupConfig
                0x00000000       0x24 ..\obj\misc.o
 .text.NVIC_SetVectorTable
                0x00000000       0x2c ..\obj\misc.o
 .text.NVIC_SystemLPConfig
                0x00000000       0x40 ..\obj\misc.o
 .text.SysTick_CLKSourceConfig
                0x00000000       0x38 ..\obj\misc.o
 .text          0x00000000        0x0 ..\obj\stm32f10x_i2c.o
 .data          0x00000000        0x0 ..\obj\stm32f10x_i2c.o
 .bss           0x00000000        0x0 ..\obj\stm32f10x_i2c.o
 .text.I2C_DeInit
                0x00000000       0x48 ..\obj\stm32f10x_i2c.o
 .text.I2C_DMACmd
                0x00000000       0x3e ..\obj\stm32f10x_i2c.o
 .text.I2C_DMALastTransferCmd
                0x00000000       0x3e ..\obj\stm32f10x_i2c.o
 .text.I2C_OwnAddress2Config
                0x00000000       0x42 ..\obj\stm32f10x_i2c.o
 .text.I2C_DualAddressCmd
                0x00000000       0x3e ..\obj\stm32f10x_i2c.o
 .text.I2C_GeneralCallCmd
                0x00000000       0x3e ..\obj\stm32f10x_i2c.o
 .text.I2C_ITConfig
                0x00000000       0x46 ..\obj\stm32f10x_i2c.o
 .text.I2C_ReadRegister
                0x00000000       0x2c ..\obj\stm32f10x_i2c.o
 .text.I2C_SoftwareResetCmd
                0x00000000       0x42 ..\obj\stm32f10x_i2c.o
 .text.I2C_NACKPositionConfig
                0x00000000       0x40 ..\obj\stm32f10x_i2c.o
 .text.I2C_SMBusAlertConfig
                0x00000000       0x40 ..\obj\stm32f10x_i2c.o
 .text.I2C_TransmitPEC
                0x00000000       0x3e ..\obj\stm32f10x_i2c.o
 .text.I2C_PECPositionConfig
                0x00000000       0x40 ..\obj\stm32f10x_i2c.o
 .text.I2C_CalculatePEC
                0x00000000       0x3e ..\obj\stm32f10x_i2c.o
 .text.I2C_GetPEC
                0x00000000       0x1e ..\obj\stm32f10x_i2c.o
 .text.I2C_ARPCmd
                0x00000000       0x3e ..\obj\stm32f10x_i2c.o
 .text.I2C_StretchClockCmd
                0x00000000       0x3e ..\obj\stm32f10x_i2c.o
 .text.I2C_FastModeDutyCycleConfig
                0x00000000       0x40 ..\obj\stm32f10x_i2c.o
 .text.I2C_GetLastEvent
                0x00000000       0x42 ..\obj\stm32f10x_i2c.o
 .text.I2C_ClearFlag
                0x00000000       0x2c ..\obj\stm32f10x_i2c.o
 .text.I2C_GetITStatus
                0x00000000       0x58 ..\obj\stm32f10x_i2c.o
 .text.I2C_ClearITPendingBit
                0x00000000       0x2c ..\obj\stm32f10x_i2c.o

Memory Configuration

Name             Origin             Length             Attributes
rom              0x08000000         0x00010000         xr
ram              0x20000000         0x00005000         xrw
*default*        0x00000000         0xffffffff

Linker script and memory map

                0x20005000                _eram = 0x20005000

.text           0x08000000     0x19ac
 *(.isr_vector)
 .isr_vector    0x08000000      0x10c ..\obj\startup_stm32f10x_md.o
                0x08000000                g_pfnVectors
 *(.text*)
 .text.TIM_TimeBaseInit
                0x0800010c       0xf8 ..\obj\stm32f10x_tim.o
                0x0800010c                TIM_TimeBaseInit
 .text.TIM_OC4Init
                0x08000204       0xd0 ..\obj\stm32f10x_tim.o
                0x08000204                TIM_OC4Init
 .text.TIM_TimeBaseStructInit
                0x080002d4       0x32 ..\obj\stm32f10x_tim.o
                0x080002d4                TIM_TimeBaseStructInit
 .text.TIM_OCStructInit
                0x08000306       0x42 ..\obj\stm32f10x_tim.o
                0x08000306                TIM_OCStructInit
 .text.TIM_Cmd  0x08000348       0x3e ..\obj\stm32f10x_tim.o
                0x08000348                TIM_Cmd
 *fill*         0x08000386        0x2 
 .text.SystemInit
                0x08000388       0x68 ..\obj\system_stm32f10x.o
                0x08000388                SystemInit
 .text.SetSysClock
                0x080003f0        0xc ..\obj\system_stm32f10x.o
 .text.SetSysClockTo72
                0x080003fc      0x100 ..\obj\system_stm32f10x.o
 .text.Default_Reset_Handler
                0x080004fc       0x60 ..\obj\startup_stm32f10x_md.o
                0x080004fc                Default_Reset_Handler
                0x080004fc                Reset_Handler
 .text.Default_Handler
                0x0800055c        0x6 ..\obj\startup_stm32f10x_md.o
                0x0800055c                EXTI2_IRQHandler
                0x0800055c                DebugMon_Handler
                0x0800055c                TIM1_CC_IRQHandler
                0x0800055c                HardFault_Handler
                0x0800055c                SysTick_Handler
                0x0800055c                PVD_IRQHandler
                0x0800055c                PendSV_Handler
                0x0800055c                NMI_Handler
                0x0800055c                EXTI3_IRQHandler
                0x0800055c                EXTI0_IRQHandler
                0x0800055c                I2C2_EV_IRQHandler
                0x0800055c                UsageFault_Handler
                0x0800055c                ADC1_2_IRQHandler
                0x0800055c                SPI1_IRQHandler
                0x0800055c                TAMPER_IRQHandler
                0x0800055c                DMA1_Channel4_IRQHandler
                0x0800055c                USART3_IRQHandler
                0x0800055c                RTC_IRQHandler
                0x0800055c                DMA1_Channel7_IRQHandler
                0x0800055c                CAN1_RX1_IRQHandler
                0x0800055c                TIM4_IRQHandler
                0x0800055c                I2C1_EV_IRQHandler
                0x0800055c                DMA1_Channel6_IRQHandler
                0x0800055c                TIM3_IRQHandler
                0x0800055c                RCC_IRQHandler
                0x0800055c                TIM1_TRG_COM_IRQHandler
                0x0800055c                DMA1_Channel1_IRQHandler
                0x0800055c                EXTI15_10_IRQHandler
                0x0800055c                EXTI9_5_IRQHandler
                0x0800055c                SPI2_IRQHandler
                0x0800055c                MemManage_Handler
                0x0800055c                SVC_Handler
                0x0800055c                DMA1_Channel5_IRQHandler
                0x0800055c                EXTI4_IRQHandler
                0x0800055c                USB_LP_CAN1_RX0_IRQHandler
                0x0800055c                USB_HP_CAN1_TX_IRQHandler
                0x0800055c                DMA1_Channel3_IRQHandler
                0x0800055c                TIM1_UP_IRQHandler
                0x0800055c                WWDG_IRQHandler
                0x0800055c                TIM2_IRQHandler
                0x0800055c                TIM1_BRK_IRQHandler
                0x0800055c                EXTI1_IRQHandler
                0x0800055c                RTCAlarm_IRQHandler
                0x0800055c                USART2_IRQHandler
                0x0800055c                I2C2_ER_IRQHandler
                0x0800055c                DMA1_Channel2_IRQHandler
                0x0800055c                CAN1_SCE_IRQHandler
                0x0800055c                FLASH_IRQHandler
                0x0800055c                BusFault_Handler
                0x0800055c                I2C1_ER_IRQHandler
                0x0800055c                USBWakeUp_IRQHandler
 .text.GPIO_Init
                0x08000562      0x178 ..\obj\stm32f10x_gpio.o
                0x08000562                GPIO_Init
 .text.GPIO_StructInit
                0x080006da       0x26 ..\obj\stm32f10x_gpio.o
                0x080006da                GPIO_StructInit
 .text.clear_TXBuffer
                0x08000700       0x30 ..\obj\main.o
                0x08000700                clear_TXBuffer
 .text.CRC8     0x08000730       0x7a ..\obj\main.o
 *fill*         0x080007aa        0x2 
 .text.USART1_IRQHandler
                0x080007ac       0x78 ..\obj\main.o
                0x080007ac                USART1_IRQHandler
 .text.USARTSend
                0x08000824       0x4c ..\obj\main.o
                0x08000824                USARTSend
 .text.I2C_single_write
                0x08000870       0xac ..\obj\main.o
                0x08000870                I2C_single_write
 .text.I2C_single_read
                0x0800091c       0xf0 ..\obj\main.o
                0x0800091c                I2C_single_read
 .text.read_temp
                0x08000a0c       0x58 ..\obj\main.o
 .text.main     0x08000a64       0xd4 ..\obj\main.o
                0x08000a64                main
 .text.SetSysClockTo72
                0x08000b38       0x70 ..\obj\init.o
                0x08000b38                SetSysClockTo72
 .text.usart_init
                0x08000ba8       0xa4 ..\obj\init.o
                0x08000ba8                usart_init
 .text.ports_init
                0x08000c4c       0x38 ..\obj\init.o
                0x08000c4c                ports_init
 .text.servo_init
                0x08000c84       0xa0 ..\obj\init.o
                0x08000c84                servo_init
 .text.I2C1_init
                0x08000d24       0x74 ..\obj\init.o
                0x08000d24                I2C1_init
 .text.RCC_DeInit
                0x08000d98       0x5c ..\obj\stm32f10x_rcc.o
                0x08000d98                RCC_DeInit
 .text.RCC_HSEConfig
                0x08000df4       0x5c ..\obj\stm32f10x_rcc.o
                0x08000df4                RCC_HSEConfig
 .text.RCC_WaitForHSEStartUp
                0x08000e50       0x50 ..\obj\stm32f10x_rcc.o
                0x08000e50                RCC_WaitForHSEStartUp
 .text.RCC_PLLConfig
                0x08000ea0       0x3c ..\obj\stm32f10x_rcc.o
                0x08000ea0                RCC_PLLConfig
 .text.RCC_PLLCmd
                0x08000edc       0x20 ..\obj\stm32f10x_rcc.o
                0x08000edc                RCC_PLLCmd
 .text.RCC_SYSCLKConfig
                0x08000efc       0x38 ..\obj\stm32f10x_rcc.o
                0x08000efc                RCC_SYSCLKConfig
 .text.RCC_GetSYSCLKSource
                0x08000f34       0x1c ..\obj\stm32f10x_rcc.o
                0x08000f34                RCC_GetSYSCLKSource
 .text.RCC_HCLKConfig
                0x08000f50       0x38 ..\obj\stm32f10x_rcc.o
                0x08000f50                RCC_HCLKConfig
 .text.RCC_PCLK1Config
                0x08000f88       0x38 ..\obj\stm32f10x_rcc.o
                0x08000f88                RCC_PCLK1Config
 .text.RCC_PCLK2Config
                0x08000fc0       0x38 ..\obj\stm32f10x_rcc.o
                0x08000fc0                RCC_PCLK2Config
 .text.RCC_GetClocksFreq
                0x08000ff8      0x160 ..\obj\stm32f10x_rcc.o
                0x08000ff8                RCC_GetClocksFreq
 .text.RCC_APB2PeriphClockCmd
                0x08001158       0x3c ..\obj\stm32f10x_rcc.o
                0x08001158                RCC_APB2PeriphClockCmd
 .text.RCC_APB1PeriphClockCmd
                0x08001194       0x3c ..\obj\stm32f10x_rcc.o
                0x08001194                RCC_APB1PeriphClockCmd
 .text.RCC_GetFlagStatus
                0x080011d0       0x74 ..\obj\stm32f10x_rcc.o
                0x080011d0                RCC_GetFlagStatus
 .text.USART_Init
                0x08001244      0x174 ..\obj\stm32f10x_usart.o
                0x08001244                USART_Init
 .text.USART_Cmd
                0x080013b8       0x3e ..\obj\stm32f10x_usart.o
                0x080013b8                USART_Cmd
 .text.USART_ITConfig
                0x080013f6       0x8e ..\obj\stm32f10x_usart.o
                0x080013f6                USART_ITConfig
 .text.USART_SendData
                0x08001484       0x22 ..\obj\stm32f10x_usart.o
                0x08001484                USART_SendData
 .text.USART_ReceiveData
                0x080014a6       0x1e ..\obj\stm32f10x_usart.o
                0x080014a6                USART_ReceiveData
 .text.USART_GetFlagStatus
                0x080014c4       0x36 ..\obj\stm32f10x_usart.o
                0x080014c4                USART_GetFlagStatus
 *fill*         0x080014fa        0x2 
 .text.NVIC_Init
                0x080014fc       0xc4 ..\obj\misc.o
                0x080014fc                NVIC_Init
 .text.I2C_Init
                0x080015c0      0x184 ..\obj\stm32f10x_i2c.o
                0x080015c0                I2C_Init
 .text.I2C_StructInit
                0x08001744       0x3c ..\obj\stm32f10x_i2c.o
                0x08001744                I2C_StructInit
 .text.I2C_Cmd  0x08001780       0x3e ..\obj\stm32f10x_i2c.o
                0x08001780                I2C_Cmd
 .text.I2C_GenerateSTART
                0x080017be       0x3e ..\obj\stm32f10x_i2c.o
                0x080017be                I2C_GenerateSTART
 .text.I2C_GenerateSTOP
                0x080017fc       0x3e ..\obj\stm32f10x_i2c.o
                0x080017fc                I2C_GenerateSTOP
 .text.I2C_AcknowledgeConfig
                0x0800183a       0x3e ..\obj\stm32f10x_i2c.o
                0x0800183a                I2C_AcknowledgeConfig
 .text.I2C_SendData
                0x08001878       0x1e ..\obj\stm32f10x_i2c.o
                0x08001878                I2C_SendData
 .text.I2C_ReceiveData
                0x08001896       0x1a ..\obj\stm32f10x_i2c.o
                0x08001896                I2C_ReceiveData
 .text.I2C_Send7bitAddress
                0x080018b0       0x3a ..\obj\stm32f10x_i2c.o
                0x080018b0                I2C_Send7bitAddress
 .text.I2C_CheckEvent
                0x080018ea       0x5e ..\obj\stm32f10x_i2c.o
                0x080018ea                I2C_CheckEvent
 .text.I2C_GetFlagStatus
                0x08001948       0x64 ..\obj\stm32f10x_i2c.o
                0x08001948                I2C_GetFlagStatus
 *(.init)
 *(.fini)
 *crtbegin.o(.ctors)
 *crtbegin?.o(.ctors)
 *(EXCLUDE_FILE(*crtend.o *crtend?.o) .ctors)
 *(SORT_BY_NAME(.ctors.*))
 *(.ctors)
 *crtbegin.o(.dtors)
 *crtbegin?.o(.dtors)
 *(EXCLUDE_FILE(*crtend.o *crtend?.o) .dtors)
 *(SORT_BY_NAME(.dtors.*))
 *(.dtors)
 *(.rodata*)
 *(.eh_fram e*)

.glue_7         0x080019ac        0x0
 .glue_7        0x080019ac        0x0 linker stubs

.glue_7t        0x080019ac        0x0
 .glue_7t       0x080019ac        0x0 linker stubs

.vfp11_veneer   0x080019ac        0x0
 .vfp11_veneer  0x080019ac        0x0 linker stubs

.v4_bx          0x080019ac        0x0
 .v4_bx         0x080019ac        0x0 linker stubs

.iplt           0x080019ac        0x0
 .iplt          0x080019ac        0x0 ..\obj\stm32f10x_tim.o

.rel.dyn        0x080019ac        0x0
 .rel.iplt      0x080019ac        0x0 ..\obj\stm32f10x_tim.o

.ARM.extab
 *(.ARM.extab* .gnu.linkonce.armextab.*)
                0x080019ac                __exidx_start = .

.ARM.exidx
 *(.ARM.exidx* .gnu.linkonce.armexidx.*)
                0x080019ac                __exidx_end = .
                0x080019ac                __etext = .
                0x080019ac                _sidata = __etext

.data           0x20000000       0x14 load address 0x080019ac
                0x20000000                __data_start__ = .
                0x20000000                _sdata = __data_start__
 *(vtable)
 *(.data*)
 .data          0x20000000       0x14 ..\obj\stm32f10x_rcc.o
                0x20000014                . = ALIGN (0x4)
                [!provide]                PROVIDE (__preinit_array_start = .)
 *(.preinit_array)
                [!provide]                PROVIDE (__preinit_array_end = .)
                0x20000014                . = ALIGN (0x4)
                [!provide]                PROVIDE (__init_array_start = .)
 *(SORT_BY_NAME(.init_array.*))
 *(.init_array)
                [!provide]                PROVIDE (__init_array_end = .)
                0x20000014                . = ALIGN (0x4)
                [!provide]                PROVIDE (__fini_array_start = .)
 *(SORT_BY_NAME(.fini_array.*))
 *(.fini_array)
                [!provide]                PROVIDE (__fini_array_end = .)
 *(.jcr*)
                0x20000014                . = ALIGN (0x4)
                0x20000014                __data_end__ = .
                0x20000014                _edata = __data_end__

.igot.plt       0x20000014        0x0 load address 0x080019c0
 .igot.plt      0x20000014        0x0 ..\obj\stm32f10x_tim.o

.bss            0x20000014       0x1c load address 0x080019c0
                0x20000014                . = ALIGN (0x4)
                0x20000014                __bss_start__ = .
                0x20000014                _sbss = __bss_start__
 *(.bss*)
 .bss           0x20000014        0x2 ..\obj\main.o
                0x20000014                RX_FLAG_END_LINE
                0x20000015                RXi
 *(COMMON)
 *fill*         0x20000016        0x2 
 COMMON         0x20000018       0x15 ..\obj\main.o
                0x20000018                RX_BUF
                0x20000024                TX_BUF
                0x20000030                . = ALIGN (0x4)
 *fill*         0x2000002d        0x3 
                0x20000030                __bss_end__ = .
                0x20000030                _ebss = __bss_end__

.heap           0x20000030        0x0
                0x20000030                __end__ = .
                0x20000030                _end = __end__
                0x20000030                end = __end__
 *(.heap*)
                0x20000030                __HeapLimit = .

.co_stack       0x20000030      0x400 load address 0x080019dc
                0x20000030                . = ALIGN (0x8)
 *(.co_stack .co_stack.*)
 .co_stack      0x20000030      0x400 ..\obj\startup_stm32f10x_md.o
                0x20000030                pulStack
                0x20005000                __StackTop = (ORIGIN (ram) + LENGTH (ram))
                0x20004c00                __StackLimit = (__StackTop - SIZEOF (.co_stack))
                [!provide]                PROVIDE (__stack = __StackTop)
                0x00000001                ASSERT ((__StackLimit >= __HeapLimit), region ram  overflowed with stack)
LOAD ..\obj\stm32f10x_tim.o
LOAD ..\obj\system_stm32f10x.o
LOAD ..\obj\startup_stm32f10x_md.o
LOAD ..\obj\stm32f10x_gpio.o
LOAD ..\obj\main.o
LOAD ..\obj\init.o
LOAD ..\obj\stm32f10x_rcc.o
LOAD ..\obj\stm32f10x_usart.o
LOAD ..\obj\misc.o
LOAD ..\obj\stm32f10x_i2c.o
START GROUP
LOAD c:/program files (x86)/gnu tools arm embedded/7 2018-q2-update/bin/../lib/gcc/arm-none-eabi/7.3.1/thumb/v7-m\libgcc.a
LOAD c:/program files (x86)/gnu tools arm embedded/7 2018-q2-update/bin/../lib/gcc/arm-none-eabi/7.3.1/../../../../arm-none-eabi/lib/thumb/v7-m\libg.a
LOAD c:/program files (x86)/gnu tools arm embedded/7 2018-q2-update/bin/../lib/gcc/arm-none-eabi/7.3.1/../../../../arm-none-eabi/lib/thumb/v7-m\libc.a
END GROUP
OUTPUT(Dess.elf elf32-littlearm)

.debug_info     0x00000000     0x5bbf
 .debug_info    0x00000000     0x1c66 ..\obj\stm32f10x_tim.o
 .debug_info    0x00001c66      0x4a1 ..\obj\system_stm32f10x.o
 .debug_info    0x00002107      0x10f ..\obj\startup_stm32f10x_md.o
 .debug_info    0x00002216      0x6fe ..\obj\stm32f10x_gpio.o
 .debug_info    0x00002914      0x55d ..\obj\main.o
 .debug_info    0x00002e71      0xa50 ..\obj\init.o
 .debug_info    0x000038c1      0x8ae ..\obj\stm32f10x_rcc.o
 .debug_info    0x0000416f      0x9f6 ..\obj\stm32f10x_usart.o
 .debug_info    0x00004b65      0x547 ..\obj\misc.o
 .debug_info    0x000050ac      0xb13 ..\obj\stm32f10x_i2c.o

.debug_abbrev   0x00000000      0xf74
 .debug_abbrev  0x00000000      0x1c5 ..\obj\stm32f10x_tim.o
 .debug_abbrev  0x000001c5      0x170 ..\obj\system_stm32f10x.o
 .debug_abbrev  0x00000335       0xb8 ..\obj\startup_stm32f10x_md.o
 .debug_abbrev  0x000003ed      0x1e1 ..\obj\stm32f10x_gpio.o
 .debug_abbrev  0x000005ce      0x1f8 ..\obj\main.o
 .debug_abbrev  0x000007c6      0x145 ..\obj\init.o
 .debug_abbrev  0x0000090b      0x1d1 ..\obj\stm32f10x_rcc.o
 .debug_abbrev  0x00000adc      0x191 ..\obj\stm32f10x_usart.o
 .debug_abbrev  0x00000c6d      0x174 ..\obj\misc.o
 .debug_abbrev  0x00000de1      0x193 ..\obj\stm32f10x_i2c.o

.debug_aranges  0x00000000      0x808
 .debug_aranges
                0x00000000      0x2f0 ..\obj\stm32f10x_tim.o
 .debug_aranges
                0x000002f0       0x38 ..\obj\system_stm32f10x.o
 .debug_aranges
                0x00000328       0x28 ..\obj\startup_stm32f10x_md.o
 .debug_aranges
                0x00000350       0xa8 ..\obj\stm32f10x_gpio.o
 .debug_aranges
                0x000003f8       0x58 ..\obj\main.o
 .debug_aranges
                0x00000450       0x40 ..\obj\init.o
 .debug_aranges
                0x00000490      0x118 ..\obj\stm32f10x_rcc.o
 .debug_aranges
                0x000005a8      0x100 ..\obj\stm32f10x_usart.o
 .debug_aranges
                0x000006a8       0x40 ..\obj\misc.o
 .debug_aranges
                0x000006e8      0x120 ..\obj\stm32f10x_i2c.o

.debug_ranges   0x00000000      0x768
 .debug_ranges  0x00000000      0x2e0 ..\obj\stm32f10x_tim.o
 .debug_ranges  0x000002e0       0x28 ..\obj\system_stm32f10x.o
 .debug_ranges  0x00000308       0x18 ..\obj\startup_stm32f10x_md.o
 .debug_ranges  0x00000320       0x98 ..\obj\stm32f10x_gpio.o
 .debug_ranges  0x000003b8       0x48 ..\obj\main.o
 .debug_ranges  0x00000400       0x30 ..\obj\init.o
 .debug_ranges  0x00000430      0x108 ..\obj\stm32f10x_rcc.o
 .debug_ranges  0x00000538       0xf0 ..\obj\stm32f10x_usart.o
 .debug_ranges  0x00000628       0x30 ..\obj\misc.o
 .debug_ranges  0x00000658      0x110 ..\obj\stm32f10x_i2c.o

.debug_line     0x00000000     0x2c4d
 .debug_line    0x00000000      0xbc2 ..\obj\stm32f10x_tim.o
 .debug_line    0x00000bc2      0x26c ..\obj\system_stm32f10x.o
 .debug_line    0x00000e2e       0xb5 ..\obj\startup_stm32f10x_md.o
 .debug_line    0x00000ee3      0x442 ..\obj\stm32f10x_gpio.o
 .debug_line    0x00001325      0x37b ..\obj\main.o
 .debug_line    0x000016a0      0x33e ..\obj\init.o
 .debug_line    0x000019de      0x53d ..\obj\stm32f10x_rcc.o
 .debug_line    0x00001f1b      0x524 ..\obj\stm32f10x_usart.o
 .debug_line    0x0000243f      0x2b7 ..\obj\misc.o
 .debug_line    0x000026f6      0x557 ..\obj\stm32f10x_i2c.o

.debug_str      0x00000000     0x25db
 .debug_str     0x00000000      0xd83 ..\obj\stm32f10x_tim.o
                                0xe46 (size before relaxing)
 .debug_str     0x00000d83      0x175 ..\obj\system_stm32f10x.o
                                0x348 (size before relaxing)
 .debug_str     0x00000ef8       0xd5 ..\obj\startup_stm32f10x_md.o
                                0x1b7 (size before relaxing)
 .debug_str     0x00000fcd      0x391 ..\obj\stm32f10x_gpio.o
                                0x582 (size before relaxing)
 .debug_str     0x0000135e      0x126 ..\obj\main.o
                                0x34f (size before relaxing)
 .debug_str     0x00001484      0x4ef ..\obj\init.o
                                0xa42 (size before relaxing)
 .debug_str     0x00001973      0x3e1 ..\obj\stm32f10x_rcc.o
                                0x683 (size before relaxing)
 .debug_str     0x00001d54      0x3bc ..\obj\stm32f10x_usart.o
                                0x6f9 (size before relaxing)
 .debug_str     0x00002110      0x16c ..\obj\misc.o
                                0x427 (size before relaxing)
 .debug_str     0x0000227c      0x35f ..\obj\stm32f10x_i2c.o
                                0x6cf (size before relaxing)

.comment        0x00000000       0x7f
 .comment       0x00000000       0x7f ..\obj\stm32f10x_tim.o
                                 0x80 (size before relaxing)
 .comment       0x0000007f       0x80 ..\obj\system_stm32f10x.o
 .comment       0x0000007f       0x80 ..\obj\startup_stm32f10x_md.o
 .comment       0x0000007f       0x80 ..\obj\stm32f10x_gpio.o
 .comment       0x0000007f       0x80 ..\obj\main.o
 .comment       0x0000007f       0x80 ..\obj\init.o
 .comment       0x0000007f       0x80 ..\obj\stm32f10x_rcc.o
 .comment       0x0000007f       0x80 ..\obj\stm32f10x_usart.o
 .comment       0x0000007f       0x80 ..\obj\misc.o
 .comment       0x0000007f       0x80 ..\obj\stm32f10x_i2c.o

.ARM.attributes
                0x00000000       0x33
 .ARM.attributes
                0x00000000       0x33 ..\obj\stm32f10x_tim.o
 .ARM.attributes
                0x00000033       0x33 ..\obj\system_stm32f10x.o
 .ARM.attributes
                0x00000066       0x33 ..\obj\startup_stm32f10x_md.o
 .ARM.attributes
                0x00000099       0x33 ..\obj\stm32f10x_gpio.o
 .ARM.attributes
                0x000000cc       0x33 ..\obj\main.o
 .ARM.attributes
                0x000000ff       0x33 ..\obj\init.o
 .ARM.attributes
                0x00000132       0x33 ..\obj\stm32f10x_rcc.o
 .ARM.attributes
                0x00000165       0x33 ..\obj\stm32f10x_usart.o
 .ARM.attributes
                0x00000198       0x33 ..\obj\misc.o
 .ARM.attributes
                0x000001cb       0x33 ..\obj\stm32f10x_i2c.o

.debug_frame    0x00000000     0x2360
 .debug_frame   0x00000000      0xe2c ..\obj\stm32f10x_tim.o
 .debug_frame   0x00000e2c       0x98 ..\obj\system_stm32f10x.o
 .debug_frame   0x00000ec4       0x4c ..\obj\startup_stm32f10x_md.o
 .debug_frame   0x00000f10      0x2d0 ..\obj\stm32f10x_gpio.o
 .debug_frame   0x000011e0      0x130 ..\obj\main.o
 .debug_frame   0x00001310       0xc4 ..\obj\init.o
 .debug_frame   0x000013d4      0x4f4 ..\obj\stm32f10x_rcc.o
 .debug_frame   0x000018c8      0x490 ..\obj\stm32f10x_usart.o
 .debug_frame   0x00001d58       0xd8 ..\obj\misc.o
 .debug_frame   0x00001e30      0x530 ..\obj\stm32f10x_i2c.o
