
Allocating common symbols
Common symbol       size              file

RX_BUF              0x9               ..\obj\ds3231.o
TX_BUF              0x9               ..\obj\ds3231.o

Discarded input sections

 .text          0x00000000        0x0 ..\obj\stm32f10x_tim.o
 .data          0x00000000        0x0 ..\obj\stm32f10x_tim.o
 .bss           0x00000000        0x0 ..\obj\stm32f10x_tim.o
 .text.TIM_DeInit
                0x00000000      0x22c ..\obj\stm32f10x_tim.o
 .text.TIM_OC1Init
                0x00000000      0x118 ..\obj\stm32f10x_tim.o
 .text.TIM_OC2Init
                0x00000000      0x110 ..\obj\stm32f10x_tim.o
 .text.TIM_OC3Init
                0x00000000      0x10c ..\obj\stm32f10x_tim.o
 .text.TIM_ICInit
                0x00000000       0xa8 ..\obj\stm32f10x_tim.o
 .text.TIM_PWMIConfig
                0x00000000       0xb8 ..\obj\stm32f10x_tim.o
 .text.TIM_BDTRConfig
                0x00000000       0x4e ..\obj\stm32f10x_tim.o
 .text.TIM_ICStructInit
                0x00000000       0x30 ..\obj\stm32f10x_tim.o
 .text.TIM_BDTRStructInit
                0x00000000       0x3c ..\obj\stm32f10x_tim.o
 .text.TIM_CtrlPWMOutputs
                0x00000000       0x4a ..\obj\stm32f10x_tim.o
 .text.TIM_ITConfig
                0x00000000       0x46 ..\obj\stm32f10x_tim.o
 .text.TIM_GenerateEvent
                0x00000000       0x1c ..\obj\stm32f10x_tim.o
 .text.TIM_DMAConfig
                0x00000000       0x28 ..\obj\stm32f10x_tim.o
 .text.TIM_DMACmd
                0x00000000       0x46 ..\obj\stm32f10x_tim.o
 .text.TIM_InternalClockConfig
                0x00000000       0x22 ..\obj\stm32f10x_tim.o
 .text.TIM_ITRxExternalClockConfig
                0x00000000       0x2e ..\obj\stm32f10x_tim.o
 .text.TIM_TIxExternalClockConfig
                0x00000000       0x5c ..\obj\stm32f10x_tim.o
 .text.TIM_ETRClockMode1Config
                0x00000000       0x5e ..\obj\stm32f10x_tim.o
 .text.TIM_ETRClockMode2Config
                0x00000000       0x3e ..\obj\stm32f10x_tim.o
 .text.TIM_ETRConfig
                0x00000000       0x52 ..\obj\stm32f10x_tim.o
 .text.TIM_PrescalerConfig
                0x00000000       0x26 ..\obj\stm32f10x_tim.o
 .text.TIM_CounterModeConfig
                0x00000000       0x36 ..\obj\stm32f10x_tim.o
 .text.TIM_SelectInputTrigger
                0x00000000       0x36 ..\obj\stm32f10x_tim.o
 .text.TIM_EncoderInterfaceConfig
                0x00000000       0x96 ..\obj\stm32f10x_tim.o
 .text.TIM_ForcedOC1Config
                0x00000000       0x36 ..\obj\stm32f10x_tim.o
 .text.TIM_ForcedOC2Config
                0x00000000       0x3a ..\obj\stm32f10x_tim.o
 .text.TIM_ForcedOC3Config
                0x00000000       0x36 ..\obj\stm32f10x_tim.o
 .text.TIM_ForcedOC4Config
                0x00000000       0x3a ..\obj\stm32f10x_tim.o
 .text.TIM_ARRPreloadConfig
                0x00000000       0x3e ..\obj\stm32f10x_tim.o
 .text.TIM_SelectCOM
                0x00000000       0x3e ..\obj\stm32f10x_tim.o
 .text.TIM_SelectCCDMA
                0x00000000       0x3e ..\obj\stm32f10x_tim.o
 .text.TIM_CCPreloadControl
                0x00000000       0x3e ..\obj\stm32f10x_tim.o
 .text.TIM_OC1PreloadConfig
                0x00000000       0x36 ..\obj\stm32f10x_tim.o
 .text.TIM_OC2PreloadConfig
                0x00000000       0x3a ..\obj\stm32f10x_tim.o
 .text.TIM_OC3PreloadConfig
                0x00000000       0x36 ..\obj\stm32f10x_tim.o
 .text.TIM_OC4PreloadConfig
                0x00000000       0x3a ..\obj\stm32f10x_tim.o
 .text.TIM_OC1FastConfig
                0x00000000       0x36 ..\obj\stm32f10x_tim.o
 .text.TIM_OC2FastConfig
                0x00000000       0x3a ..\obj\stm32f10x_tim.o
 .text.TIM_OC3FastConfig
                0x00000000       0x36 ..\obj\stm32f10x_tim.o
 .text.TIM_OC4FastConfig
                0x00000000       0x3a ..\obj\stm32f10x_tim.o
 .text.TIM_ClearOC1Ref
                0x00000000       0x36 ..\obj\stm32f10x_tim.o
 .text.TIM_ClearOC2Ref
                0x00000000       0x3a ..\obj\stm32f10x_tim.o
 .text.TIM_ClearOC3Ref
                0x00000000       0x36 ..\obj\stm32f10x_tim.o
 .text.TIM_ClearOC4Ref
                0x00000000       0x3a ..\obj\stm32f10x_tim.o
 .text.TIM_OC1PolarityConfig
                0x00000000       0x36 ..\obj\stm32f10x_tim.o
 .text.TIM_OC1NPolarityConfig
                0x00000000       0x36 ..\obj\stm32f10x_tim.o
 .text.TIM_OC2PolarityConfig
                0x00000000       0x3a ..\obj\stm32f10x_tim.o
 .text.TIM_OC2NPolarityConfig
                0x00000000       0x3a ..\obj\stm32f10x_tim.o
 .text.TIM_OC3PolarityConfig
                0x00000000       0x3a ..\obj\stm32f10x_tim.o
 .text.TIM_OC3NPolarityConfig
                0x00000000       0x3a ..\obj\stm32f10x_tim.o
 .text.TIM_OC4PolarityConfig
                0x00000000       0x3a ..\obj\stm32f10x_tim.o
 .text.TIM_CCxCmd
                0x00000000       0x54 ..\obj\stm32f10x_tim.o
 .text.TIM_CCxNCmd
                0x00000000       0x54 ..\obj\stm32f10x_tim.o
 .text.TIM_SelectOCxM
                0x00000000       0xae ..\obj\stm32f10x_tim.o
 .text.TIM_UpdateDisableConfig
                0x00000000       0x3e ..\obj\stm32f10x_tim.o
 .text.TIM_UpdateRequestConfig
                0x00000000       0x3e ..\obj\stm32f10x_tim.o
 .text.TIM_SelectHallSensor
                0x00000000       0x3e ..\obj\stm32f10x_tim.o
 .text.TIM_SelectOnePulseMode
                0x00000000       0x36 ..\obj\stm32f10x_tim.o
 .text.TIM_SelectOutputTrigger
                0x00000000       0x36 ..\obj\stm32f10x_tim.o
 .text.TIM_SelectSlaveMode
                0x00000000       0x36 ..\obj\stm32f10x_tim.o
 .text.TIM_SelectMasterSlaveMode
                0x00000000       0x36 ..\obj\stm32f10x_tim.o
 .text.TIM_SetCounter
                0x00000000       0x1c ..\obj\stm32f10x_tim.o
 .text.TIM_SetAutoreload
                0x00000000       0x1c ..\obj\stm32f10x_tim.o
 .text.TIM_SetCompare1
                0x00000000       0x1c ..\obj\stm32f10x_tim.o
 .text.TIM_SetCompare2
                0x00000000       0x1c ..\obj\stm32f10x_tim.o
 .text.TIM_SetCompare3
                0x00000000       0x1c ..\obj\stm32f10x_tim.o
 .text.TIM_SetCompare4
                0x00000000       0x1e ..\obj\stm32f10x_tim.o
 .text.TIM_SetIC1Prescaler
                0x00000000       0x36 ..\obj\stm32f10x_tim.o
 .text.TIM_SetIC2Prescaler
                0x00000000       0x3a ..\obj\stm32f10x_tim.o
 .text.TIM_SetIC3Prescaler
                0x00000000       0x36 ..\obj\stm32f10x_tim.o
 .text.TIM_SetIC4Prescaler
                0x00000000       0x3a ..\obj\stm32f10x_tim.o
 .text.TIM_SetClockDivision
                0x00000000       0x36 ..\obj\stm32f10x_tim.o
 .text.TIM_GetCapture1
                0x00000000       0x18 ..\obj\stm32f10x_tim.o
 .text.TIM_GetCapture2
                0x00000000       0x18 ..\obj\stm32f10x_tim.o
 .text.TIM_GetCapture3
                0x00000000       0x18 ..\obj\stm32f10x_tim.o
 .text.TIM_GetCapture4
                0x00000000       0x1a ..\obj\stm32f10x_tim.o
 .text.TIM_GetCounter
                0x00000000       0x18 ..\obj\stm32f10x_tim.o
 .text.TIM_GetPrescaler
                0x00000000       0x18 ..\obj\stm32f10x_tim.o
 .text.TIM_GetFlagStatus
                0x00000000       0x36 ..\obj\stm32f10x_tim.o
 .text.TIM_ClearFlag
                0x00000000       0x20 ..\obj\stm32f10x_tim.o
 .text.TIM_GetITStatus
                0x00000000       0x52 ..\obj\stm32f10x_tim.o
 .text.TIM_ClearITPendingBit
                0x00000000       0x20 ..\obj\stm32f10x_tim.o
 .text.TI1_Config
                0x00000000       0xe0 ..\obj\stm32f10x_tim.o
 .text.TI2_Config
                0x00000000       0xf4 ..\obj\stm32f10x_tim.o
 .text.TI3_Config
                0x00000000       0xec ..\obj\stm32f10x_tim.o
 .text.TI4_Config
                0x00000000       0xf8 ..\obj\stm32f10x_tim.o
 .text          0x00000000        0x0 ..\obj\ds3231.o
 .data          0x00000000        0x0 ..\obj\ds3231.o
 .bss           0x00000000        0x0 ..\obj\ds3231.o
 .text          0x00000000        0x0 ..\obj\i2c.o
 .data          0x00000000        0x0 ..\obj\i2c.o
 .bss           0x00000000        0x0 ..\obj\i2c.o
 .text          0x00000000        0x0 ..\obj\system_stm32f10x.o
 .data          0x00000000       0x14 ..\obj\system_stm32f10x.o
 .bss           0x00000000        0x0 ..\obj\system_stm32f10x.o
 .text.SystemCoreClockUpdate
                0x00000000       0xd8 ..\obj\system_stm32f10x.o
 .text          0x00000000        0x0 ..\obj\startup_stm32f10x_md.o
 .data          0x00000000        0x0 ..\obj\startup_stm32f10x_md.o
 .bss           0x00000000        0x0 ..\obj\startup_stm32f10x_md.o
 .text          0x00000000        0x0 ..\obj\stm32f10x_gpio.o
 .data          0x00000000        0x0 ..\obj\stm32f10x_gpio.o
 .bss           0x00000000        0x0 ..\obj\stm32f10x_gpio.o
 .text.GPIO_DeInit
                0x00000000       0xe4 ..\obj\stm32f10x_gpio.o
 .text.GPIO_AFIODeInit
                0x00000000       0x18 ..\obj\stm32f10x_gpio.o
 .text.GPIO_ReadInputDataBit
                0x00000000       0x32 ..\obj\stm32f10x_gpio.o
 .text.GPIO_ReadInputData
                0x00000000       0x18 ..\obj\stm32f10x_gpio.o
 .text.GPIO_ReadOutputDataBit
                0x00000000       0x32 ..\obj\stm32f10x_gpio.o
 .text.GPIO_ReadOutputData
                0x00000000       0x18 ..\obj\stm32f10x_gpio.o
 .text.GPIO_SetBits
                0x00000000       0x1c ..\obj\stm32f10x_gpio.o
 .text.GPIO_ResetBits
                0x00000000       0x1c ..\obj\stm32f10x_gpio.o
 .text.GPIO_WriteBit
                0x00000000       0x2e ..\obj\stm32f10x_gpio.o
 .text.GPIO_Write
                0x00000000       0x1c ..\obj\stm32f10x_gpio.o
 .text.GPIO_PinLockConfig
                0x00000000       0x42 ..\obj\stm32f10x_gpio.o
 .text.GPIO_EventOutputConfig
                0x00000000       0x4c ..\obj\stm32f10x_gpio.o
 .text.GPIO_EventOutputCmd
                0x00000000       0x20 ..\obj\stm32f10x_gpio.o
 .text.GPIO_PinRemapConfig
                0x00000000       0xe0 ..\obj\stm32f10x_gpio.o
 .text.GPIO_EXTILineConfig
                0x00000000       0x80 ..\obj\stm32f10x_gpio.o
 .text.GPIO_ETH_MediaInterfaceConfig
                0x00000000       0x1c ..\obj\stm32f10x_gpio.o
 .text          0x00000000        0x0 ..\obj\main.o
 .data          0x00000000        0x0 ..\obj\main.o
 .text          0x00000000        0x0 ..\obj\init.o
 .data          0x00000000        0x0 ..\obj\init.o
 .bss           0x00000000        0x0 ..\obj\init.o
 .text          0x00000000        0x0 ..\obj\stm32f10x_rcc.o
 .bss           0x00000000        0x0 ..\obj\stm32f10x_rcc.o
 .text.RCC_AdjustHSICalibrationValue
                0x00000000       0x3c ..\obj\stm32f10x_rcc.o
 .text.RCC_HSICmd
                0x00000000       0x20 ..\obj\stm32f10x_rcc.o
 .text.RCC_ITConfig
                0x00000000       0x4c ..\obj\stm32f10x_rcc.o
 .text.RCC_USBCLKConfig
                0x00000000       0x1c ..\obj\stm32f10x_rcc.o
 .text.RCC_ADCCLKConfig
                0x00000000       0x38 ..\obj\stm32f10x_rcc.o
 .text.RCC_LSEConfig
                0x00000000       0x40 ..\obj\stm32f10x_rcc.o
 .text.RCC_LSICmd
                0x00000000       0x20 ..\obj\stm32f10x_rcc.o
 .text.RCC_RTCCLKConfig
                0x00000000       0x24 ..\obj\stm32f10x_rcc.o
 .text.RCC_RTCCLKCmd
                0x00000000       0x20 ..\obj\stm32f10x_rcc.o
 .text.RCC_AHBPeriphClockCmd
                0x00000000       0x3c ..\obj\stm32f10x_rcc.o
 .text.RCC_APB2PeriphResetCmd
                0x00000000       0x3c ..\obj\stm32f10x_rcc.o
 .text.RCC_BackupResetCmd
                0x00000000       0x20 ..\obj\stm32f10x_rcc.o
 .text.RCC_ClockSecuritySystemCmd
                0x00000000       0x20 ..\obj\stm32f10x_rcc.o
 .text.RCC_MCOConfig
                0x00000000       0x20 ..\obj\stm32f10x_rcc.o
 .text.RCC_ClearFlag
                0x00000000       0x1c ..\obj\stm32f10x_rcc.o
 .text.RCC_GetITStatus
                0x00000000       0x34 ..\obj\stm32f10x_rcc.o
 .text.RCC_ClearITPendingBit
                0x00000000       0x20 ..\obj\stm32f10x_rcc.o
 .text          0x00000000        0x0 ..\obj\stm32f10x_usart.o
 .data          0x00000000        0x0 ..\obj\stm32f10x_usart.o
 .bss           0x00000000        0x0 ..\obj\stm32f10x_usart.o
 .text.USART_DeInit
                0x00000000       0xb8 ..\obj\stm32f10x_usart.o
 .text.USART_StructInit
                0x00000000       0x38 ..\obj\stm32f10x_usart.o
 .text.USART_ClockInit
                0x00000000       0x56 ..\obj\stm32f10x_usart.o
 .text.USART_ClockStructInit
                0x00000000       0x2a ..\obj\stm32f10x_usart.o
 .text.USART_DMACmd
                0x00000000       0x46 ..\obj\stm32f10x_usart.o
 .text.USART_SetAddress
                0x00000000       0x38 ..\obj\stm32f10x_usart.o
 .text.USART_WakeUpConfig
                0x00000000       0x36 ..\obj\stm32f10x_usart.o
 .text.USART_ReceiverWakeUpCmd
                0x00000000       0x3e ..\obj\stm32f10x_usart.o
 .text.USART_LINBreakDetectLengthConfig
                0x00000000       0x36 ..\obj\stm32f10x_usart.o
 .text.USART_LINCmd
                0x00000000       0x3e ..\obj\stm32f10x_usart.o
 .text.USART_SendBreak
                0x00000000       0x22 ..\obj\stm32f10x_usart.o
 .text.USART_SetGuardTime
                0x00000000       0x3a ..\obj\stm32f10x_usart.o
 .text.USART_SetPrescaler
                0x00000000       0x38 ..\obj\stm32f10x_usart.o
 .text.USART_SmartCardCmd
                0x00000000       0x3e ..\obj\stm32f10x_usart.o
 .text.USART_SmartCardNACKCmd
                0x00000000       0x3e ..\obj\stm32f10x_usart.o
 .text.USART_HalfDuplexCmd
                0x00000000       0x3e ..\obj\stm32f10x_usart.o
 .text.USART_OverSampling8Cmd
                0x00000000       0x42 ..\obj\stm32f10x_usart.o
 .text.USART_OneBitMethodCmd
                0x00000000       0x3e ..\obj\stm32f10x_usart.o
 .text.USART_IrDAConfig
                0x00000000       0x36 ..\obj\stm32f10x_usart.o
 .text.USART_IrDACmd
                0x00000000       0x3e ..\obj\stm32f10x_usart.o
 .text.USART_ClearFlag
                0x00000000       0x20 ..\obj\stm32f10x_usart.o
 .text.USART_GetITStatus
                0x00000000       0xb4 ..\obj\stm32f10x_usart.o
 .text.USART_ClearITPendingBit
                0x00000000       0x38 ..\obj\stm32f10x_usart.o
 .text          0x00000000        0x0 ..\obj\misc.o
 .data          0x00000000        0x0 ..\obj\misc.o
 .bss           0x00000000        0x0 ..\obj\misc.o
 .text.NVIC_PriorityGroupConfig
                0x00000000       0x24 ..\obj\misc.o
 .text.NVIC_SetVectorTable
                0x00000000       0x2c ..\obj\misc.o
 .text.NVIC_SystemLPConfig
                0x00000000       0x40 ..\obj\misc.o
 .text.SysTick_CLKSourceConfig
                0x00000000       0x38 ..\obj\misc.o
 .text          0x00000000        0x0 ..\obj\stm32f10x_i2c.o
 .data          0x00000000        0x0 ..\obj\stm32f10x_i2c.o
 .bss           0x00000000        0x0 ..\obj\stm32f10x_i2c.o
 .text.I2C_DMACmd
                0x00000000       0x3e ..\obj\stm32f10x_i2c.o
 .text.I2C_DMALastTransferCmd
                0x00000000       0x3e ..\obj\stm32f10x_i2c.o
 .text.I2C_OwnAddress2Config
                0x00000000       0x42 ..\obj\stm32f10x_i2c.o
 .text.I2C_DualAddressCmd
                0x00000000       0x3e ..\obj\stm32f10x_i2c.o
 .text.I2C_GeneralCallCmd
                0x00000000       0x3e ..\obj\stm32f10x_i2c.o
 .text.I2C_ITConfig
                0x00000000       0x46 ..\obj\stm32f10x_i2c.o
 .text.I2C_ReadRegister
                0x00000000       0x2c ..\obj\stm32f10x_i2c.o
 .text.I2C_SoftwareResetCmd
                0x00000000       0x42 ..\obj\stm32f10x_i2c.o
 .text.I2C_NACKPositionConfig
                0x00000000       0x40 ..\obj\stm32f10x_i2c.o
 .text.I2C_SMBusAlertConfig
                0x00000000       0x40 ..\obj\stm32f10x_i2c.o
 .text.I2C_TransmitPEC
                0x00000000       0x3e ..\obj\stm32f10x_i2c.o
 .text.I2C_PECPositionConfig
                0x00000000       0x40 ..\obj\stm32f10x_i2c.o
 .text.I2C_CalculatePEC
                0x00000000       0x3e ..\obj\stm32f10x_i2c.o
 .text.I2C_GetPEC
                0x00000000       0x1e ..\obj\stm32f10x_i2c.o
 .text.I2C_ARPCmd
                0x00000000       0x3e ..\obj\stm32f10x_i2c.o
 .text.I2C_StretchClockCmd
                0x00000000       0x3e ..\obj\stm32f10x_i2c.o
 .text.I2C_FastModeDutyCycleConfig
                0x00000000       0x40 ..\obj\stm32f10x_i2c.o
 .text.I2C_GetLastEvent
                0x00000000       0x42 ..\obj\stm32f10x_i2c.o
 .text.I2C_ClearFlag
                0x00000000       0x2c ..\obj\stm32f10x_i2c.o
 .text.I2C_GetITStatus
                0x00000000       0x58 ..\obj\stm32f10x_i2c.o
 .text.I2C_ClearITPendingBit
                0x00000000       0x2c ..\obj\stm32f10x_i2c.o

Memory Configuration

Name             Origin             Length             Attributes
rom              0x08000000         0x00010000         xr
ram              0x20000000         0x00005000         xrw
*default*        0x00000000         0xffffffff

Linker script and memory map

                0x20005000                _eram = 0x20005000

.text           0x08000000     0x1d7c
 *(.isr_vector)
 .isr_vector    0x08000000      0x10c ..\obj\startup_stm32f10x_md.o
                0x08000000                g_pfnVectors
 *(.text*)
 .text.TIM_TimeBaseInit
                0x0800010c       0xf8 ..\obj\stm32f10x_tim.o
                0x0800010c                TIM_TimeBaseInit
 .text.TIM_OC4Init
                0x08000204       0xd0 ..\obj\stm32f10x_tim.o
                0x08000204                TIM_OC4Init
 .text.TIM_TimeBaseStructInit
                0x080002d4       0x32 ..\obj\stm32f10x_tim.o
                0x080002d4                TIM_TimeBaseStructInit
 .text.TIM_OCStructInit
                0x08000306       0x42 ..\obj\stm32f10x_tim.o
                0x08000306                TIM_OCStructInit
 .text.TIM_Cmd  0x08000348       0x3e ..\obj\stm32f10x_tim.o
                0x08000348                TIM_Cmd
 .text.DS3231_read_temp
                0x08000386       0x5a ..\obj\ds3231.o
                0x08000386                DS3231_read_temp
 .text.ds3231_del_alarm
                0x080003e0       0x32 ..\obj\ds3231.o
                0x080003e0                ds3231_del_alarm
 .text.ds3231_on_alarm
                0x08000412       0x4a ..\obj\ds3231.o
                0x08000412                ds3231_on_alarm
 .text.cicle    0x0800045c       0x50 ..\obj\i2c.o
                0x0800045c                cicle
 .text.I2C_single_write
                0x080004ac       0xac ..\obj\i2c.o
                0x080004ac                I2C_single_write
 .text.I2C_single_read
                0x08000558       0xd4 ..\obj\i2c.o
                0x08000558                I2C_single_read
 .text.SystemInit
                0x0800062c       0x68 ..\obj\system_stm32f10x.o
                0x0800062c                SystemInit
 .text.SetSysClock
                0x08000694        0xc ..\obj\system_stm32f10x.o
 .text.SetSysClockTo72
                0x080006a0      0x100 ..\obj\system_stm32f10x.o
 .text.Default_Reset_Handler
                0x080007a0       0x60 ..\obj\startup_stm32f10x_md.o
                0x080007a0                Default_Reset_Handler
                0x080007a0                Reset_Handler
 .text.Default_Handler
                0x08000800        0x6 ..\obj\startup_stm32f10x_md.o
                0x08000800                EXTI2_IRQHandler
                0x08000800                DebugMon_Handler
                0x08000800                TIM1_CC_IRQHandler
                0x08000800                HardFault_Handler
                0x08000800                SysTick_Handler
                0x08000800                PVD_IRQHandler
                0x08000800                PendSV_Handler
                0x08000800                NMI_Handler
                0x08000800                EXTI3_IRQHandler
                0x08000800                I2C2_EV_IRQHandler
                0x08000800                UsageFault_Handler
                0x08000800                ADC1_2_IRQHandler
                0x08000800                SPI1_IRQHandler
                0x08000800                TAMPER_IRQHandler
                0x08000800                DMA1_Channel4_IRQHandler
                0x08000800                USART3_IRQHandler
                0x08000800                RTC_IRQHandler
                0x08000800                DMA1_Channel7_IRQHandler
                0x08000800                CAN1_RX1_IRQHandler
                0x08000800                TIM4_IRQHandler
                0x08000800                I2C1_EV_IRQHandler
                0x08000800                DMA1_Channel6_IRQHandler
                0x08000800                TIM3_IRQHandler
                0x08000800                RCC_IRQHandler
                0x08000800                TIM1_TRG_COM_IRQHandler
                0x08000800                DMA1_Channel1_IRQHandler
                0x08000800                EXTI15_10_IRQHandler
                0x08000800                EXTI9_5_IRQHandler
                0x08000800                SPI2_IRQHandler
                0x08000800                MemManage_Handler
                0x08000800                SVC_Handler
                0x08000800                DMA1_Channel5_IRQHandler
                0x08000800                EXTI4_IRQHandler
                0x08000800                USB_LP_CAN1_RX0_IRQHandler
                0x08000800                USB_HP_CAN1_TX_IRQHandler
                0x08000800                DMA1_Channel3_IRQHandler
                0x08000800                TIM1_UP_IRQHandler
                0x08000800                WWDG_IRQHandler
                0x08000800                TIM2_IRQHandler
                0x08000800                TIM1_BRK_IRQHandler
                0x08000800                EXTI1_IRQHandler
                0x08000800                RTCAlarm_IRQHandler
                0x08000800                USART2_IRQHandler
                0x08000800                I2C2_ER_IRQHandler
                0x08000800                DMA1_Channel2_IRQHandler
                0x08000800                CAN1_SCE_IRQHandler
                0x08000800                FLASH_IRQHandler
                0x08000800                BusFault_Handler
                0x08000800                I2C1_ER_IRQHandler
                0x08000800                USBWakeUp_IRQHandler
 .text.GPIO_Init
                0x08000806      0x178 ..\obj\stm32f10x_gpio.o
                0x08000806                GPIO_Init
 .text.GPIO_StructInit
                0x0800097e       0x26 ..\obj\stm32f10x_gpio.o
                0x0800097e                GPIO_StructInit
 .text.delay    0x080009a4       0x28 ..\obj\main.o
                0x080009a4                delay
 .text.clear_Buffer
                0x080009cc       0x2e ..\obj\main.o
                0x080009cc                clear_Buffer
 .text.CRC8     0x080009fa       0x7a ..\obj\main.o
 .text.EXTI0_IRQHandler
                0x08000a74       0x2c ..\obj\main.o
                0x08000a74                EXTI0_IRQHandler
 .text.USART1_IRQHandler
                0x08000aa0       0x88 ..\obj\main.o
                0x08000aa0                USART1_IRQHandler
 .text.USARTSend
                0x08000b28       0x64 ..\obj\main.o
                0x08000b28                USARTSend
 .text.USART_Error
                0x08000b8c       0x48 ..\obj\main.o
                0x08000b8c                USART_Error
 .text.main     0x08000bd4      0x218 ..\obj\main.o
                0x08000bd4                main
 .text.NVIC_EnableIRQ
                0x08000dec       0x30 ..\obj\init.o
 .text.SetSysClockTo72
                0x08000e1c       0x70 ..\obj\init.o
                0x08000e1c                SetSysClockTo72
 .text.usart_init
                0x08000e8c       0xa4 ..\obj\init.o
                0x08000e8c                usart_init
 .text.ports_init
                0x08000f30       0xa0 ..\obj\init.o
                0x08000f30                ports_init
 .text.servo_init
                0x08000fd0       0xa0 ..\obj\init.o
                0x08000fd0                servo_init
 .text.I2C1_init
                0x08001070       0x74 ..\obj\init.o
                0x08001070                I2C1_init
 .text.RCC_DeInit
                0x080010e4       0x5c ..\obj\stm32f10x_rcc.o
                0x080010e4                RCC_DeInit
 .text.RCC_HSEConfig
                0x08001140       0x5c ..\obj\stm32f10x_rcc.o
                0x08001140                RCC_HSEConfig
 .text.RCC_WaitForHSEStartUp
                0x0800119c       0x50 ..\obj\stm32f10x_rcc.o
                0x0800119c                RCC_WaitForHSEStartUp
 .text.RCC_PLLConfig
                0x080011ec       0x3c ..\obj\stm32f10x_rcc.o
                0x080011ec                RCC_PLLConfig
 .text.RCC_PLLCmd
                0x08001228       0x20 ..\obj\stm32f10x_rcc.o
                0x08001228                RCC_PLLCmd
 .text.RCC_SYSCLKConfig
                0x08001248       0x38 ..\obj\stm32f10x_rcc.o
                0x08001248                RCC_SYSCLKConfig
 .text.RCC_GetSYSCLKSource
                0x08001280       0x1c ..\obj\stm32f10x_rcc.o
                0x08001280                RCC_GetSYSCLKSource
 .text.RCC_HCLKConfig
                0x0800129c       0x38 ..\obj\stm32f10x_rcc.o
                0x0800129c                RCC_HCLKConfig
 .text.RCC_PCLK1Config
                0x080012d4       0x38 ..\obj\stm32f10x_rcc.o
                0x080012d4                RCC_PCLK1Config
 .text.RCC_PCLK2Config
                0x0800130c       0x38 ..\obj\stm32f10x_rcc.o
                0x0800130c                RCC_PCLK2Config
 .text.RCC_GetClocksFreq
                0x08001344      0x160 ..\obj\stm32f10x_rcc.o
                0x08001344                RCC_GetClocksFreq
 .text.RCC_APB2PeriphClockCmd
                0x080014a4       0x3c ..\obj\stm32f10x_rcc.o
                0x080014a4                RCC_APB2PeriphClockCmd
 .text.RCC_APB1PeriphClockCmd
                0x080014e0       0x3c ..\obj\stm32f10x_rcc.o
                0x080014e0                RCC_APB1PeriphClockCmd
 .text.RCC_APB1PeriphResetCmd
                0x0800151c       0x3c ..\obj\stm32f10x_rcc.o
                0x0800151c                RCC_APB1PeriphResetCmd
 .text.RCC_GetFlagStatus
                0x08001558       0x74 ..\obj\stm32f10x_rcc.o
                0x08001558                RCC_GetFlagStatus
 .text.USART_Init
                0x080015cc      0x174 ..\obj\stm32f10x_usart.o
                0x080015cc                USART_Init
 .text.USART_Cmd
                0x08001740       0x3e ..\obj\stm32f10x_usart.o
                0x08001740                USART_Cmd
 .text.USART_ITConfig
                0x0800177e       0x8e ..\obj\stm32f10x_usart.o
                0x0800177e                USART_ITConfig
 .text.USART_SendData
                0x0800180c       0x22 ..\obj\stm32f10x_usart.o
                0x0800180c                USART_SendData
 .text.USART_ReceiveData
                0x0800182e       0x1e ..\obj\stm32f10x_usart.o
                0x0800182e                USART_ReceiveData
 .text.USART_GetFlagStatus
                0x0800184c       0x36 ..\obj\stm32f10x_usart.o
                0x0800184c                USART_GetFlagStatus
 *fill*         0x08001882        0x2 
 .text.NVIC_Init
                0x08001884       0xc4 ..\obj\misc.o
                0x08001884                NVIC_Init
 .text.I2C_DeInit
                0x08001948       0x48 ..\obj\stm32f10x_i2c.o
                0x08001948                I2C_DeInit
 .text.I2C_Init
                0x08001990      0x184 ..\obj\stm32f10x_i2c.o
                0x08001990                I2C_Init
 .text.I2C_StructInit
                0x08001b14       0x3c ..\obj\stm32f10x_i2c.o
                0x08001b14                I2C_StructInit
 .text.I2C_Cmd  0x08001b50       0x3e ..\obj\stm32f10x_i2c.o
                0x08001b50                I2C_Cmd
 .text.I2C_GenerateSTART
                0x08001b8e       0x3e ..\obj\stm32f10x_i2c.o
                0x08001b8e                I2C_GenerateSTART
 .text.I2C_GenerateSTOP
                0x08001bcc       0x3e ..\obj\stm32f10x_i2c.o
                0x08001bcc                I2C_GenerateSTOP
 .text.I2C_AcknowledgeConfig
                0x08001c0a       0x3e ..\obj\stm32f10x_i2c.o
                0x08001c0a                I2C_AcknowledgeConfig
 .text.I2C_SendData
                0x08001c48       0x1e ..\obj\stm32f10x_i2c.o
                0x08001c48                I2C_SendData
 .text.I2C_ReceiveData
                0x08001c66       0x1a ..\obj\stm32f10x_i2c.o
                0x08001c66                I2C_ReceiveData
 .text.I2C_Send7bitAddress
                0x08001c80       0x3a ..\obj\stm32f10x_i2c.o
                0x08001c80                I2C_Send7bitAddress
 .text.I2C_CheckEvent
                0x08001cba       0x5e ..\obj\stm32f10x_i2c.o
                0x08001cba                I2C_CheckEvent
 .text.I2C_GetFlagStatus
                0x08001d18       0x64 ..\obj\stm32f10x_i2c.o
                0x08001d18                I2C_GetFlagStatus
 *(.init)
 *(.fini)
 *crtbegin.o(.ctors)
 *crtbegin?.o(.ctors)
 *(EXCLUDE_FILE(*crtend.o *crtend?.o) .ctors)
 *(SORT_BY_NAME(.ctors.*))
 *(.ctors)
 *crtbegin.o(.dtors)
 *crtbegin?.o(.dtors)
 *(EXCLUDE_FILE(*crtend.o *crtend?.o) .dtors)
 *(SORT_BY_NAME(.dtors.*))
 *(.dtors)
 *(.rodata*)
 *(.eh_fram e*)

.glue_7         0x08001d7c        0x0
 .glue_7        0x08001d7c        0x0 linker stubs

.glue_7t        0x08001d7c        0x0
 .glue_7t       0x08001d7c        0x0 linker stubs

.vfp11_veneer   0x08001d7c        0x0
 .vfp11_veneer  0x08001d7c        0x0 linker stubs

.v4_bx          0x08001d7c        0x0
 .v4_bx         0x08001d7c        0x0 linker stubs

.iplt           0x08001d7c        0x0
 .iplt          0x08001d7c        0x0 ..\obj\stm32f10x_tim.o

.rel.dyn        0x08001d7c        0x0
 .rel.iplt      0x08001d7c        0x0 ..\obj\stm32f10x_tim.o

.ARM.extab
 *(.ARM.extab* .gnu.linkonce.armextab.*)
                0x08001d7c                __exidx_start = .

.ARM.exidx
 *(.ARM.exidx* .gnu.linkonce.armexidx.*)
                0x08001d7c                __exidx_end = .
                0x08001d7c                __etext = .
                0x08001d7c                _sidata = __etext

.data           0x20000000       0x14 load address 0x08001d7c
                0x20000000                __data_start__ = .
                0x20000000                _sdata = __data_start__
 *(vtable)
 *(.data*)
 .data          0x20000000       0x14 ..\obj\stm32f10x_rcc.o
                0x20000014                . = ALIGN (0x4)
                [!provide]                PROVIDE (__preinit_array_start = .)
 *(.preinit_array)
                [!provide]                PROVIDE (__preinit_array_end = .)
                0x20000014                . = ALIGN (0x4)
                [!provide]                PROVIDE (__init_array_start = .)
 *(SORT_BY_NAME(.init_array.*))
 *(.init_array)
                [!provide]                PROVIDE (__init_array_end = .)
                0x20000014                . = ALIGN (0x4)
                [!provide]                PROVIDE (__fini_array_start = .)
 *(SORT_BY_NAME(.fini_array.*))
 *(.fini_array)
                [!provide]                PROVIDE (__fini_array_end = .)
 *(.jcr*)
                0x20000014                . = ALIGN (0x4)
                0x20000014                __data_end__ = .
                0x20000014                _edata = __data_end__

.igot.plt       0x20000014        0x0 load address 0x08001d90
 .igot.plt      0x20000014        0x0 ..\obj\stm32f10x_tim.o

.bss            0x20000014       0x1c load address 0x08001d90
                0x20000014                . = ALIGN (0x4)
                0x20000014                __bss_start__ = .
                0x20000014                _sbss = __bss_start__
 *(.bss*)
 .bss           0x20000014        0x4 ..\obj\main.o
                0x20000014                RX_FLAG_END_LINE
                0x20000015                RXi
                0x20000016                timer_uart
                0x20000017                was_I2C_ERR
 *(COMMON)
 COMMON         0x20000018       0x15 ..\obj\ds3231.o
                0x20000018                RX_BUF
                0x20000024                TX_BUF
                0x20000030                . = ALIGN (0x4)
 *fill*         0x2000002d        0x3 
                0x20000030                __bss_end__ = .
                0x20000030                _ebss = __bss_end__

.heap           0x20000030        0x0
                0x20000030                __end__ = .
                0x20000030                _end = __end__
                0x20000030                end = __end__
 *(.heap*)
                0x20000030                __HeapLimit = .

.co_stack       0x20000030      0x400 load address 0x08001dac
                0x20000030                . = ALIGN (0x8)
 *(.co_stack .co_stack.*)
 .co_stack      0x20000030      0x400 ..\obj\startup_stm32f10x_md.o
                0x20000030                pulStack
                0x20005000                __StackTop = (ORIGIN (ram) + LENGTH (ram))
                0x20004c00                __StackLimit = (__StackTop - SIZEOF (.co_stack))
                [!provide]                PROVIDE (__stack = __StackTop)
                0x00000001                ASSERT ((__StackLimit >= __HeapLimit), region ram  overflowed with stack)
LOAD ..\obj\stm32f10x_tim.o
LOAD ..\obj\ds3231.o
LOAD ..\obj\i2c.o
LOAD ..\obj\system_stm32f10x.o
LOAD ..\obj\startup_stm32f10x_md.o
LOAD ..\obj\stm32f10x_gpio.o
LOAD ..\obj\main.o
LOAD ..\obj\init.o
LOAD ..\obj\stm32f10x_rcc.o
LOAD ..\obj\stm32f10x_usart.o
LOAD ..\obj\misc.o
LOAD ..\obj\stm32f10x_i2c.o
START GROUP
LOAD c:/program files (x86)/gnu tools arm embedded/7 2018-q2-update/bin/../lib/gcc/arm-none-eabi/7.3.1/thumb/v7-m\libgcc.a
LOAD c:/program files (x86)/gnu tools arm embedded/7 2018-q2-update/bin/../lib/gcc/arm-none-eabi/7.3.1/../../../../arm-none-eabi/lib/thumb/v7-m\libg.a
LOAD c:/program files (x86)/gnu tools arm embedded/7 2018-q2-update/bin/../lib/gcc/arm-none-eabi/7.3.1/../../../../arm-none-eabi/lib/thumb/v7-m\libc.a
END GROUP
OUTPUT(Dess.elf elf32-littlearm)

.debug_info     0x00000000     0x64d3
 .debug_info    0x00000000     0x1c66 ..\obj\stm32f10x_tim.o
 .debug_info    0x00001c66      0x1f5 ..\obj\ds3231.o
 .debug_info    0x00001e5b      0x311 ..\obj\i2c.o
 .debug_info    0x0000216c      0x4a1 ..\obj\system_stm32f10x.o
 .debug_info    0x0000260d      0x10f ..\obj\startup_stm32f10x_md.o
 .debug_info    0x0000271c      0x6fe ..\obj\stm32f10x_gpio.o
 .debug_info    0x00002e1a      0x742 ..\obj\main.o
 .debug_info    0x0000355c      0xc79 ..\obj\init.o
 .debug_info    0x000041d5      0x8ae ..\obj\stm32f10x_rcc.o
 .debug_info    0x00004a83      0x9f6 ..\obj\stm32f10x_usart.o
 .debug_info    0x00005479      0x547 ..\obj\misc.o
 .debug_info    0x000059c0      0xb13 ..\obj\stm32f10x_i2c.o

.debug_abbrev   0x00000000     0x121e
 .debug_abbrev  0x00000000      0x1c5 ..\obj\stm32f10x_tim.o
 .debug_abbrev  0x000001c5      0x107 ..\obj\ds3231.o
 .debug_abbrev  0x000002cc      0x14a ..\obj\i2c.o
 .debug_abbrev  0x00000416      0x170 ..\obj\system_stm32f10x.o
 .debug_abbrev  0x00000586       0xb8 ..\obj\startup_stm32f10x_md.o
 .debug_abbrev  0x0000063e      0x1e1 ..\obj\stm32f10x_gpio.o
 .debug_abbrev  0x0000081f      0x1fe ..\obj\main.o
 .debug_abbrev  0x00000a1d      0x198 ..\obj\init.o
 .debug_abbrev  0x00000bb5      0x1d1 ..\obj\stm32f10x_rcc.o
 .debug_abbrev  0x00000d86      0x191 ..\obj\stm32f10x_usart.o
 .debug_abbrev  0x00000f17      0x174 ..\obj\misc.o
 .debug_abbrev  0x0000108b      0x193 ..\obj\stm32f10x_i2c.o

.debug_aranges  0x00000000      0x870
 .debug_aranges
                0x00000000      0x2f0 ..\obj\stm32f10x_tim.o
 .debug_aranges
                0x000002f0       0x30 ..\obj\ds3231.o
 .debug_aranges
                0x00000320       0x30 ..\obj\i2c.o
 .debug_aranges
                0x00000350       0x38 ..\obj\system_stm32f10x.o
 .debug_aranges
                0x00000388       0x28 ..\obj\startup_stm32f10x_md.o
 .debug_aranges
                0x000003b0       0xa8 ..\obj\stm32f10x_gpio.o
 .debug_aranges
                0x00000458       0x58 ..\obj\main.o
 .debug_aranges
                0x000004b0       0x48 ..\obj\init.o
 .debug_aranges
                0x000004f8      0x118 ..\obj\stm32f10x_rcc.o
 .debug_aranges
                0x00000610      0x100 ..\obj\stm32f10x_usart.o
 .debug_aranges
                0x00000710       0x40 ..\obj\misc.o
 .debug_aranges
                0x00000750      0x120 ..\obj\stm32f10x_i2c.o

.debug_ranges   0x00000000      0x7b0
 .debug_ranges  0x00000000      0x2e0 ..\obj\stm32f10x_tim.o
 .debug_ranges  0x000002e0       0x20 ..\obj\ds3231.o
 .debug_ranges  0x00000300       0x20 ..\obj\i2c.o
 .debug_ranges  0x00000320       0x28 ..\obj\system_stm32f10x.o
 .debug_ranges  0x00000348       0x18 ..\obj\startup_stm32f10x_md.o
 .debug_ranges  0x00000360       0x98 ..\obj\stm32f10x_gpio.o
 .debug_ranges  0x000003f8       0x48 ..\obj\main.o
 .debug_ranges  0x00000440       0x38 ..\obj\init.o
 .debug_ranges  0x00000478      0x108 ..\obj\stm32f10x_rcc.o
 .debug_ranges  0x00000580       0xf0 ..\obj\stm32f10x_usart.o
 .debug_ranges  0x00000670       0x30 ..\obj\misc.o
 .debug_ranges  0x000006a0      0x110 ..\obj\stm32f10x_i2c.o

.debug_line     0x00000000     0x3108
 .debug_line    0x00000000      0xbc2 ..\obj\stm32f10x_tim.o
 .debug_line    0x00000bc2      0x229 ..\obj\ds3231.o
 .debug_line    0x00000deb      0x273 ..\obj\i2c.o
 .debug_line    0x0000105e      0x26c ..\obj\system_stm32f10x.o
 .debug_line    0x000012ca       0xb5 ..\obj\startup_stm32f10x_md.o
 .debug_line    0x0000137f      0x442 ..\obj\stm32f10x_gpio.o
 .debug_line    0x000017c1      0x371 ..\obj\main.o
 .debug_line    0x00001b32      0x367 ..\obj\init.o
 .debug_line    0x00001e99      0x53d ..\obj\stm32f10x_rcc.o
 .debug_line    0x000023d6      0x524 ..\obj\stm32f10x_usart.o
 .debug_line    0x000028fa      0x2b7 ..\obj\misc.o
 .debug_line    0x00002bb1      0x557 ..\obj\stm32f10x_i2c.o

.debug_str      0x00000000     0x26fb
 .debug_str     0x00000000      0xd83 ..\obj\stm32f10x_tim.o
                                0xe46 (size before relaxing)
 .debug_str     0x00000d83       0xa7 ..\obj\ds3231.o
                                0x248 (size before relaxing)
 .debug_str     0x00000e2a       0x7f ..\obj\i2c.o
                                0x2cc (size before relaxing)
 .debug_str     0x00000ea9      0x175 ..\obj\system_stm32f10x.o
                                0x348 (size before relaxing)
 .debug_str     0x0000101e       0xd5 ..\obj\startup_stm32f10x_md.o
                                0x1b7 (size before relaxing)
 .debug_str     0x000010f3      0x391 ..\obj\stm32f10x_gpio.o
                                0x582 (size before relaxing)
 .debug_str     0x00001484      0x116 ..\obj\main.o
                                0x3bf (size before relaxing)
 .debug_str     0x0000159a      0x539 ..\obj\init.o
                                0xacd (size before relaxing)
 .debug_str     0x00001ad3      0x3e1 ..\obj\stm32f10x_rcc.o
                                0x683 (size before relaxing)
 .debug_str     0x00001eb4      0x3bc ..\obj\stm32f10x_usart.o
                                0x6f9 (size before relaxing)
 .debug_str     0x00002270      0x13b ..\obj\misc.o
                                0x427 (size before relaxing)
 .debug_str     0x000023ab      0x350 ..\obj\stm32f10x_i2c.o
                                0x6cf (size before relaxing)

.comment        0x00000000       0x7f
 .comment       0x00000000       0x7f ..\obj\stm32f10x_tim.o
                                 0x80 (size before relaxing)
 .comment       0x0000007f       0x80 ..\obj\ds3231.o
 .comment       0x0000007f       0x80 ..\obj\i2c.o
 .comment       0x0000007f       0x80 ..\obj\system_stm32f10x.o
 .comment       0x0000007f       0x80 ..\obj\startup_stm32f10x_md.o
 .comment       0x0000007f       0x80 ..\obj\stm32f10x_gpio.o
 .comment       0x0000007f       0x80 ..\obj\main.o
 .comment       0x0000007f       0x80 ..\obj\init.o
 .comment       0x0000007f       0x80 ..\obj\stm32f10x_rcc.o
 .comment       0x0000007f       0x80 ..\obj\stm32f10x_usart.o
 .comment       0x0000007f       0x80 ..\obj\misc.o
 .comment       0x0000007f       0x80 ..\obj\stm32f10x_i2c.o

.ARM.attributes
                0x00000000       0x33
 .ARM.attributes
                0x00000000       0x33 ..\obj\stm32f10x_tim.o
 .ARM.attributes
                0x00000033       0x33 ..\obj\ds3231.o
 .ARM.attributes
                0x00000066       0x33 ..\obj\i2c.o
 .ARM.attributes
                0x00000099       0x33 ..\obj\system_stm32f10x.o
 .ARM.attributes
                0x000000cc       0x33 ..\obj\startup_stm32f10x_md.o
 .ARM.attributes
                0x000000ff       0x33 ..\obj\stm32f10x_gpio.o
 .ARM.attributes
                0x00000132       0x33 ..\obj\main.o
 .ARM.attributes
                0x00000165       0x33 ..\obj\init.o
 .ARM.attributes
                0x00000198       0x33 ..\obj\stm32f10x_rcc.o
 .ARM.attributes
                0x000001cb       0x33 ..\obj\stm32f10x_usart.o
 .ARM.attributes
                0x000001fe       0x33 ..\obj\misc.o
 .ARM.attributes
                0x00000231       0x33 ..\obj\stm32f10x_i2c.o

.debug_frame    0x00000000     0x2480
 .debug_frame   0x00000000      0xe2c ..\obj\stm32f10x_tim.o
 .debug_frame   0x00000e2c       0x7c ..\obj\ds3231.o
 .debug_frame   0x00000ea8       0x7c ..\obj\i2c.o
 .debug_frame   0x00000f24       0x98 ..\obj\system_stm32f10x.o
 .debug_frame   0x00000fbc       0x4c ..\obj\startup_stm32f10x_md.o
 .debug_frame   0x00001008      0x2d0 ..\obj\stm32f10x_gpio.o
 .debug_frame   0x000012d8      0x130 ..\obj\main.o
 .debug_frame   0x00001408       0xec ..\obj\init.o
 .debug_frame   0x000014f4      0x4f4 ..\obj\stm32f10x_rcc.o
 .debug_frame   0x000019e8      0x490 ..\obj\stm32f10x_usart.o
 .debug_frame   0x00001e78       0xd8 ..\obj\misc.o
 .debug_frame   0x00001f50      0x530 ..\obj\stm32f10x_i2c.o
